// Jest Snapshot v1, https://goo.gl/fbAQLP

exports[` 1`] = `undefined`;

exports[`Index should render a basic line chart 1`] = `
Object {
  "asFragment": [Function],
  "baseElement": <body>
    <div>
      <div
        style="position: relative;"
      >
        <svg
          height="300"
          role="img"
          width="500"
          xmlns="http://www.w3.org/2000/svg"
        >
          <rect
            fill="transparent"
            height="300"
            width="500"
          />
          <g
            transform="translate(0,0)"
          >
            <g>
              <line
                opacity="1"
                stroke="#dddddd"
                stroke-width="1"
                x1="0"
                x2="0"
                y1="0"
                y2="300"
              />
              <line
                opacity="1"
                stroke="#dddddd"
                stroke-width="1"
                x1="125"
                x2="125"
                y1="0"
                y2="300"
              />
              <line
                opacity="1"
                stroke="#dddddd"
                stroke-width="1"
                x1="250"
                x2="250"
                y1="0"
                y2="300"
              />
              <line
                opacity="1"
                stroke="#dddddd"
                stroke-width="1"
                x1="375"
                x2="375"
                y1="0"
                y2="300"
              />
              <line
                opacity="1"
                stroke="#dddddd"
                stroke-width="1"
                x1="500"
                x2="500"
                y1="0"
                y2="300"
              />
            </g>
            <g>
              <line
                opacity="1"
                stroke="#dddddd"
                stroke-width="1"
                x1="0"
                x2="500"
                y1="300"
                y2="300"
              />
              <line
                opacity="1"
                stroke="#dddddd"
                stroke-width="1"
                x1="0"
                x2="500"
                y1="269"
                y2="269"
              />
              <line
                opacity="1"
                stroke="#dddddd"
                stroke-width="1"
                x1="0"
                x2="500"
                y1="239"
                y2="239"
              />
              <line
                opacity="1"
                stroke="#dddddd"
                stroke-width="1"
                x1="0"
                x2="500"
                y1="208"
                y2="208"
              />
              <line
                opacity="1"
                stroke="#dddddd"
                stroke-width="1"
                x1="0"
                x2="500"
                y1="177"
                y2="177"
              />
              <line
                opacity="1"
                stroke="#dddddd"
                stroke-width="1"
                x1="0"
                x2="500"
                y1="146"
                y2="146"
              />
              <line
                opacity="1"
                stroke="#dddddd"
                stroke-width="1"
                x1="0"
                x2="500"
                y1="116"
                y2="116"
              />
              <line
                opacity="1"
                stroke="#dddddd"
                stroke-width="1"
                x1="0"
                x2="500"
                y1="85"
                y2="85"
              />
              <line
                opacity="1"
                stroke="#dddddd"
                stroke-width="1"
                x1="0"
                x2="500"
                y1="54"
                y2="54"
              />
              <line
                opacity="1"
                stroke="#dddddd"
                stroke-width="1"
                x1="0"
                x2="500"
                y1="24"
                y2="24"
              />
            </g>
            <g
              transform="translate(0,300)"
            >
              <g
                style="opacity: 1;"
                transform="translate(0,0)"
              >
                <line
                  style="stroke: #777777; stroke-width: 1;"
                  x1="0"
                  x2="0"
                  y1="0"
                  y2="5"
                />
                <text
                  dominant-baseline="text-before-edge"
                  style="font-family: sans-serif; font-size: 11px; fill: #333333;"
                  text-anchor="middle"
                  transform="translate(0,10) rotate(0)"
                >
                  1960
                </text>
              </g>
              <g
                style="opacity: 1;"
                transform="translate(125,0)"
              >
                <line
                  style="stroke: #777777; stroke-width: 1;"
                  x1="0"
                  x2="0"
                  y1="0"
                  y2="5"
                />
                <text
                  dominant-baseline="text-before-edge"
                  style="font-family: sans-serif; font-size: 11px; fill: #333333;"
                  text-anchor="middle"
                  transform="translate(0,10) rotate(0)"
                >
                  1965
                </text>
              </g>
              <g
                style="opacity: 1;"
                transform="translate(250,0)"
              >
                <line
                  style="stroke: #777777; stroke-width: 1;"
                  x1="0"
                  x2="0"
                  y1="0"
                  y2="5"
                />
                <text
                  dominant-baseline="text-before-edge"
                  style="font-family: sans-serif; font-size: 11px; fill: #333333;"
                  text-anchor="middle"
                  transform="translate(0,10) rotate(0)"
                >
                  1970
                </text>
              </g>
              <g
                style="opacity: 1;"
                transform="translate(375,0)"
              >
                <line
                  style="stroke: #777777; stroke-width: 1;"
                  x1="0"
                  x2="0"
                  y1="0"
                  y2="5"
                />
                <text
                  dominant-baseline="text-before-edge"
                  style="font-family: sans-serif; font-size: 11px; fill: #333333;"
                  text-anchor="middle"
                  transform="translate(0,10) rotate(0)"
                >
                  1975
                </text>
              </g>
              <g
                style="opacity: 1;"
                transform="translate(500,0)"
              >
                <line
                  style="stroke: #777777; stroke-width: 1;"
                  x1="0"
                  x2="0"
                  y1="0"
                  y2="5"
                />
                <text
                  dominant-baseline="text-before-edge"
                  style="font-family: sans-serif; font-size: 11px; fill: #333333;"
                  text-anchor="middle"
                  transform="translate(0,10) rotate(0)"
                >
                  1980
                </text>
              </g>
              <line
                style="stroke: transparent; stroke-width: 1;"
                x1="0"
                x2="500"
                y1="0"
                y2="0"
              />
            </g>
            <g
              transform="translate(0,0)"
            >
              <g
                style="opacity: 1;"
                transform="translate(0,300)"
              >
                <line
                  style="stroke: #777777; stroke-width: 1;"
                  x1="0"
                  x2="-5"
                  y1="0"
                  y2="0"
                />
                <text
                  dominant-baseline="central"
                  style="font-family: sans-serif; font-size: 11px; fill: #333333;"
                  text-anchor="end"
                  transform="translate(-10,0) rotate(0)"
                >
                  0
                </text>
              </g>
              <g
                style="opacity: 1;"
                transform="translate(0,269)"
              >
                <line
                  style="stroke: #777777; stroke-width: 1;"
                  x1="0"
                  x2="-5"
                  y1="0"
                  y2="0"
                />
                <text
                  dominant-baseline="central"
                  style="font-family: sans-serif; font-size: 11px; fill: #333333;"
                  text-anchor="end"
                  transform="translate(-10,0) rotate(0)"
                >
                  200000
                </text>
              </g>
              <g
                style="opacity: 1;"
                transform="translate(0,239)"
              >
                <line
                  style="stroke: #777777; stroke-width: 1;"
                  x1="0"
                  x2="-5"
                  y1="0"
                  y2="0"
                />
                <text
                  dominant-baseline="central"
                  style="font-family: sans-serif; font-size: 11px; fill: #333333;"
                  text-anchor="end"
                  transform="translate(-10,0) rotate(0)"
                >
                  400000
                </text>
              </g>
              <g
                style="opacity: 1;"
                transform="translate(0,208)"
              >
                <line
                  style="stroke: #777777; stroke-width: 1;"
                  x1="0"
                  x2="-5"
                  y1="0"
                  y2="0"
                />
                <text
                  dominant-baseline="central"
                  style="font-family: sans-serif; font-size: 11px; fill: #333333;"
                  text-anchor="end"
                  transform="translate(-10,0) rotate(0)"
                >
                  600000
                </text>
              </g>
              <g
                style="opacity: 1;"
                transform="translate(0,177)"
              >
                <line
                  style="stroke: #777777; stroke-width: 1;"
                  x1="0"
                  x2="-5"
                  y1="0"
                  y2="0"
                />
                <text
                  dominant-baseline="central"
                  style="font-family: sans-serif; font-size: 11px; fill: #333333;"
                  text-anchor="end"
                  transform="translate(-10,0) rotate(0)"
                >
                  800000
                </text>
              </g>
              <g
                style="opacity: 1;"
                transform="translate(0,146)"
              >
                <line
                  style="stroke: #777777; stroke-width: 1;"
                  x1="0"
                  x2="-5"
                  y1="0"
                  y2="0"
                />
                <text
                  dominant-baseline="central"
                  style="font-family: sans-serif; font-size: 11px; fill: #333333;"
                  text-anchor="end"
                  transform="translate(-10,0) rotate(0)"
                >
                  1000000
                </text>
              </g>
              <g
                style="opacity: 1;"
                transform="translate(0,116)"
              >
                <line
                  style="stroke: #777777; stroke-width: 1;"
                  x1="0"
                  x2="-5"
                  y1="0"
                  y2="0"
                />
                <text
                  dominant-baseline="central"
                  style="font-family: sans-serif; font-size: 11px; fill: #333333;"
                  text-anchor="end"
                  transform="translate(-10,0) rotate(0)"
                >
                  1200000
                </text>
              </g>
              <g
                style="opacity: 1;"
                transform="translate(0,85)"
              >
                <line
                  style="stroke: #777777; stroke-width: 1;"
                  x1="0"
                  x2="-5"
                  y1="0"
                  y2="0"
                />
                <text
                  dominant-baseline="central"
                  style="font-family: sans-serif; font-size: 11px; fill: #333333;"
                  text-anchor="end"
                  transform="translate(-10,0) rotate(0)"
                >
                  1400000
                </text>
              </g>
              <g
                style="opacity: 1;"
                transform="translate(0,54)"
              >
                <line
                  style="stroke: #777777; stroke-width: 1;"
                  x1="0"
                  x2="-5"
                  y1="0"
                  y2="0"
                />
                <text
                  dominant-baseline="central"
                  style="font-family: sans-serif; font-size: 11px; fill: #333333;"
                  text-anchor="end"
                  transform="translate(-10,0) rotate(0)"
                >
                  1600000
                </text>
              </g>
              <g
                style="opacity: 1;"
                transform="translate(0,24)"
              >
                <line
                  style="stroke: #777777; stroke-width: 1;"
                  x1="0"
                  x2="-5"
                  y1="0"
                  y2="0"
                />
                <text
                  dominant-baseline="central"
                  style="font-family: sans-serif; font-size: 11px; fill: #333333;"
                  text-anchor="end"
                  transform="translate(-10,0) rotate(0)"
                >
                  1800000
                </text>
              </g>
              <line
                style="stroke: transparent; stroke-width: 1;"
                x1="0"
                x2="0"
                y1="0"
                y2="300"
              />
            </g>
            <path
              d="M0,44L125,47L250,38L375,21L500,0"
              fill="none"
              stroke="#e8c1a0"
              stroke-width="2"
            />
            <g>
              <g
                style="pointer-events: none;"
                transform="translate(500, 0)"
              >
                <circle
                  fill="#e8c1a0"
                  r="3"
                  stroke="transparent"
                  stroke-width="0"
                  style="pointer-events: none;"
                />
              </g>
              <g
                style="pointer-events: none;"
                transform="translate(375, 21)"
              >
                <circle
                  fill="#e8c1a0"
                  r="3"
                  stroke="transparent"
                  stroke-width="0"
                  style="pointer-events: none;"
                />
              </g>
              <g
                style="pointer-events: none;"
                transform="translate(250, 38)"
              >
                <circle
                  fill="#e8c1a0"
                  r="3"
                  stroke="transparent"
                  stroke-width="0"
                  style="pointer-events: none;"
                />
              </g>
              <g
                style="pointer-events: none;"
                transform="translate(125, 47)"
              >
                <circle
                  fill="#e8c1a0"
                  r="3"
                  stroke="transparent"
                  stroke-width="0"
                  style="pointer-events: none;"
                />
              </g>
              <g
                style="pointer-events: none;"
                transform="translate(0, 44)"
              >
                <circle
                  fill="#e8c1a0"
                  r="3"
                  stroke="transparent"
                  stroke-width="0"
                  style="pointer-events: none;"
                />
              </g>
            </g>
          </g>
        </svg>
      </div>
    </div>
  </body>,
  "container": <div>
    <div
      style="position: relative;"
    >
      <svg
        height="300"
        role="img"
        width="500"
        xmlns="http://www.w3.org/2000/svg"
      >
        <rect
          fill="transparent"
          height="300"
          width="500"
        />
        <g
          transform="translate(0,0)"
        >
          <g>
            <line
              opacity="1"
              stroke="#dddddd"
              stroke-width="1"
              x1="0"
              x2="0"
              y1="0"
              y2="300"
            />
            <line
              opacity="1"
              stroke="#dddddd"
              stroke-width="1"
              x1="125"
              x2="125"
              y1="0"
              y2="300"
            />
            <line
              opacity="1"
              stroke="#dddddd"
              stroke-width="1"
              x1="250"
              x2="250"
              y1="0"
              y2="300"
            />
            <line
              opacity="1"
              stroke="#dddddd"
              stroke-width="1"
              x1="375"
              x2="375"
              y1="0"
              y2="300"
            />
            <line
              opacity="1"
              stroke="#dddddd"
              stroke-width="1"
              x1="500"
              x2="500"
              y1="0"
              y2="300"
            />
          </g>
          <g>
            <line
              opacity="1"
              stroke="#dddddd"
              stroke-width="1"
              x1="0"
              x2="500"
              y1="300"
              y2="300"
            />
            <line
              opacity="1"
              stroke="#dddddd"
              stroke-width="1"
              x1="0"
              x2="500"
              y1="269"
              y2="269"
            />
            <line
              opacity="1"
              stroke="#dddddd"
              stroke-width="1"
              x1="0"
              x2="500"
              y1="239"
              y2="239"
            />
            <line
              opacity="1"
              stroke="#dddddd"
              stroke-width="1"
              x1="0"
              x2="500"
              y1="208"
              y2="208"
            />
            <line
              opacity="1"
              stroke="#dddddd"
              stroke-width="1"
              x1="0"
              x2="500"
              y1="177"
              y2="177"
            />
            <line
              opacity="1"
              stroke="#dddddd"
              stroke-width="1"
              x1="0"
              x2="500"
              y1="146"
              y2="146"
            />
            <line
              opacity="1"
              stroke="#dddddd"
              stroke-width="1"
              x1="0"
              x2="500"
              y1="116"
              y2="116"
            />
            <line
              opacity="1"
              stroke="#dddddd"
              stroke-width="1"
              x1="0"
              x2="500"
              y1="85"
              y2="85"
            />
            <line
              opacity="1"
              stroke="#dddddd"
              stroke-width="1"
              x1="0"
              x2="500"
              y1="54"
              y2="54"
            />
            <line
              opacity="1"
              stroke="#dddddd"
              stroke-width="1"
              x1="0"
              x2="500"
              y1="24"
              y2="24"
            />
          </g>
          <g
            transform="translate(0,300)"
          >
            <g
              style="opacity: 1;"
              transform="translate(0,0)"
            >
              <line
                style="stroke: #777777; stroke-width: 1;"
                x1="0"
                x2="0"
                y1="0"
                y2="5"
              />
              <text
                dominant-baseline="text-before-edge"
                style="font-family: sans-serif; font-size: 11px; fill: #333333;"
                text-anchor="middle"
                transform="translate(0,10) rotate(0)"
              >
                1960
              </text>
            </g>
            <g
              style="opacity: 1;"
              transform="translate(125,0)"
            >
              <line
                style="stroke: #777777; stroke-width: 1;"
                x1="0"
                x2="0"
                y1="0"
                y2="5"
              />
              <text
                dominant-baseline="text-before-edge"
                style="font-family: sans-serif; font-size: 11px; fill: #333333;"
                text-anchor="middle"
                transform="translate(0,10) rotate(0)"
              >
                1965
              </text>
            </g>
            <g
              style="opacity: 1;"
              transform="translate(250,0)"
            >
              <line
                style="stroke: #777777; stroke-width: 1;"
                x1="0"
                x2="0"
                y1="0"
                y2="5"
              />
              <text
                dominant-baseline="text-before-edge"
                style="font-family: sans-serif; font-size: 11px; fill: #333333;"
                text-anchor="middle"
                transform="translate(0,10) rotate(0)"
              >
                1970
              </text>
            </g>
            <g
              style="opacity: 1;"
              transform="translate(375,0)"
            >
              <line
                style="stroke: #777777; stroke-width: 1;"
                x1="0"
                x2="0"
                y1="0"
                y2="5"
              />
              <text
                dominant-baseline="text-before-edge"
                style="font-family: sans-serif; font-size: 11px; fill: #333333;"
                text-anchor="middle"
                transform="translate(0,10) rotate(0)"
              >
                1975
              </text>
            </g>
            <g
              style="opacity: 1;"
              transform="translate(500,0)"
            >
              <line
                style="stroke: #777777; stroke-width: 1;"
                x1="0"
                x2="0"
                y1="0"
                y2="5"
              />
              <text
                dominant-baseline="text-before-edge"
                style="font-family: sans-serif; font-size: 11px; fill: #333333;"
                text-anchor="middle"
                transform="translate(0,10) rotate(0)"
              >
                1980
              </text>
            </g>
            <line
              style="stroke: transparent; stroke-width: 1;"
              x1="0"
              x2="500"
              y1="0"
              y2="0"
            />
          </g>
          <g
            transform="translate(0,0)"
          >
            <g
              style="opacity: 1;"
              transform="translate(0,300)"
            >
              <line
                style="stroke: #777777; stroke-width: 1;"
                x1="0"
                x2="-5"
                y1="0"
                y2="0"
              />
              <text
                dominant-baseline="central"
                style="font-family: sans-serif; font-size: 11px; fill: #333333;"
                text-anchor="end"
                transform="translate(-10,0) rotate(0)"
              >
                0
              </text>
            </g>
            <g
              style="opacity: 1;"
              transform="translate(0,269)"
            >
              <line
                style="stroke: #777777; stroke-width: 1;"
                x1="0"
                x2="-5"
                y1="0"
                y2="0"
              />
              <text
                dominant-baseline="central"
                style="font-family: sans-serif; font-size: 11px; fill: #333333;"
                text-anchor="end"
                transform="translate(-10,0) rotate(0)"
              >
                200000
              </text>
            </g>
            <g
              style="opacity: 1;"
              transform="translate(0,239)"
            >
              <line
                style="stroke: #777777; stroke-width: 1;"
                x1="0"
                x2="-5"
                y1="0"
                y2="0"
              />
              <text
                dominant-baseline="central"
                style="font-family: sans-serif; font-size: 11px; fill: #333333;"
                text-anchor="end"
                transform="translate(-10,0) rotate(0)"
              >
                400000
              </text>
            </g>
            <g
              style="opacity: 1;"
              transform="translate(0,208)"
            >
              <line
                style="stroke: #777777; stroke-width: 1;"
                x1="0"
                x2="-5"
                y1="0"
                y2="0"
              />
              <text
                dominant-baseline="central"
                style="font-family: sans-serif; font-size: 11px; fill: #333333;"
                text-anchor="end"
                transform="translate(-10,0) rotate(0)"
              >
                600000
              </text>
            </g>
            <g
              style="opacity: 1;"
              transform="translate(0,177)"
            >
              <line
                style="stroke: #777777; stroke-width: 1;"
                x1="0"
                x2="-5"
                y1="0"
                y2="0"
              />
              <text
                dominant-baseline="central"
                style="font-family: sans-serif; font-size: 11px; fill: #333333;"
                text-anchor="end"
                transform="translate(-10,0) rotate(0)"
              >
                800000
              </text>
            </g>
            <g
              style="opacity: 1;"
              transform="translate(0,146)"
            >
              <line
                style="stroke: #777777; stroke-width: 1;"
                x1="0"
                x2="-5"
                y1="0"
                y2="0"
              />
              <text
                dominant-baseline="central"
                style="font-family: sans-serif; font-size: 11px; fill: #333333;"
                text-anchor="end"
                transform="translate(-10,0) rotate(0)"
              >
                1000000
              </text>
            </g>
            <g
              style="opacity: 1;"
              transform="translate(0,116)"
            >
              <line
                style="stroke: #777777; stroke-width: 1;"
                x1="0"
                x2="-5"
                y1="0"
                y2="0"
              />
              <text
                dominant-baseline="central"
                style="font-family: sans-serif; font-size: 11px; fill: #333333;"
                text-anchor="end"
                transform="translate(-10,0) rotate(0)"
              >
                1200000
              </text>
            </g>
            <g
              style="opacity: 1;"
              transform="translate(0,85)"
            >
              <line
                style="stroke: #777777; stroke-width: 1;"
                x1="0"
                x2="-5"
                y1="0"
                y2="0"
              />
              <text
                dominant-baseline="central"
                style="font-family: sans-serif; font-size: 11px; fill: #333333;"
                text-anchor="end"
                transform="translate(-10,0) rotate(0)"
              >
                1400000
              </text>
            </g>
            <g
              style="opacity: 1;"
              transform="translate(0,54)"
            >
              <line
                style="stroke: #777777; stroke-width: 1;"
                x1="0"
                x2="-5"
                y1="0"
                y2="0"
              />
              <text
                dominant-baseline="central"
                style="font-family: sans-serif; font-size: 11px; fill: #333333;"
                text-anchor="end"
                transform="translate(-10,0) rotate(0)"
              >
                1600000
              </text>
            </g>
            <g
              style="opacity: 1;"
              transform="translate(0,24)"
            >
              <line
                style="stroke: #777777; stroke-width: 1;"
                x1="0"
                x2="-5"
                y1="0"
                y2="0"
              />
              <text
                dominant-baseline="central"
                style="font-family: sans-serif; font-size: 11px; fill: #333333;"
                text-anchor="end"
                transform="translate(-10,0) rotate(0)"
              >
                1800000
              </text>
            </g>
            <line
              style="stroke: transparent; stroke-width: 1;"
              x1="0"
              x2="0"
              y1="0"
              y2="300"
            />
          </g>
          <path
            d="M0,44L125,47L250,38L375,21L500,0"
            fill="none"
            stroke="#e8c1a0"
            stroke-width="2"
          />
          <g>
            <g
              style="pointer-events: none;"
              transform="translate(500, 0)"
            >
              <circle
                fill="#e8c1a0"
                r="3"
                stroke="transparent"
                stroke-width="0"
                style="pointer-events: none;"
              />
            </g>
            <g
              style="pointer-events: none;"
              transform="translate(375, 21)"
            >
              <circle
                fill="#e8c1a0"
                r="3"
                stroke="transparent"
                stroke-width="0"
                style="pointer-events: none;"
              />
            </g>
            <g
              style="pointer-events: none;"
              transform="translate(250, 38)"
            >
              <circle
                fill="#e8c1a0"
                r="3"
                stroke="transparent"
                stroke-width="0"
                style="pointer-events: none;"
              />
            </g>
            <g
              style="pointer-events: none;"
              transform="translate(125, 47)"
            >
              <circle
                fill="#e8c1a0"
                r="3"
                stroke="transparent"
                stroke-width="0"
                style="pointer-events: none;"
              />
            </g>
            <g
              style="pointer-events: none;"
              transform="translate(0, 44)"
            >
              <circle
                fill="#e8c1a0"
                r="3"
                stroke="transparent"
                stroke-width="0"
                style="pointer-events: none;"
              />
            </g>
          </g>
        </g>
      </svg>
    </div>
  </div>,
  "debug": [Function],
  "findAllByAltText": [Function],
  "findAllByDisplayValue": [Function],
  "findAllByLabelText": [Function],
  "findAllByPlaceholderText": [Function],
  "findAllByRole": [Function],
  "findAllByTestId": [Function],
  "findAllByText": [Function],
  "findAllByTitle": [Function],
  "findByAltText": [Function],
  "findByDisplayValue": [Function],
  "findByLabelText": [Function],
  "findByPlaceholderText": [Function],
  "findByRole": [Function],
  "findByTestId": [Function],
  "findByText": [Function],
  "findByTitle": [Function],
  "getAllByAltText": [Function],
  "getAllByDisplayValue": [Function],
  "getAllByLabelText": [Function],
  "getAllByPlaceholderText": [Function],
  "getAllByRole": [Function],
  "getAllByTestId": [Function],
  "getAllByText": [Function],
  "getAllByTitle": [Function],
  "getByAltText": [Function],
  "getByDisplayValue": [Function],
  "getByLabelText": [Function],
  "getByPlaceholderText": [Function],
  "getByRole": [Function],
  "getByTestId": [Function],
  "getByText": [Function],
  "getByTitle": [Function],
  "queryAllByAltText": [Function],
  "queryAllByDisplayValue": [Function],
  "queryAllByLabelText": [Function],
  "queryAllByPlaceholderText": [Function],
  "queryAllByRole": [Function],
  "queryAllByTestId": [Function],
  "queryAllByText": [Function],
  "queryAllByTitle": [Function],
  "queryByAltText": [Function],
  "queryByDisplayValue": [Function],
  "queryByLabelText": [Function],
  "queryByPlaceholderText": [Function],
  "queryByRole": [Function],
  "queryByTestId": [Function],
  "queryByText": [Function],
  "queryByTitle": [Function],
  "rerender": [Function],
  "unmount": [Function],
}
`;

exports[`Index should render a line chart 1`] = `undefined`;

exports[`Index updates graph based on checkbox 1`] = `Promise {}`;

exports[`Index updates graph based on checkbox 2`] = `Promise {}`;

exports[`Index updates graph based on checkbox 3`] = `Promise {}`;

exports[`Index updates graph based on checkbox 4`] = `Promise {}`;

exports[`Index updates graph based on checkbox 5`] = `Promise {}`;

exports[`Index updates graph based on checkbox 6`] = `Promise {}`;
